// Jest Snapshot v1, https://goo.gl/fbAQLP

exports[`Button Component Button renders correctly 1`] = `
<View
  accessibilityState={
    {
      "busy": undefined,
      "checked": undefined,
      "disabled": undefined,
      "expanded": undefined,
      "selected": undefined,
    }
  }
  accessibilityValue={
    {
      "max": undefined,
      "min": undefined,
      "now": undefined,
      "text": undefined,
    }
  }
  accessible={true}
  collapsable={false}
  focusable={false}
  onClick={[Function]}
  onResponderGrant={[Function]}
  onResponderMove={[Function]}
  onResponderRelease={[Function]}
  onResponderTerminate={[Function]}
  onResponderTerminationRequest={[Function]}
  onStartShouldSetResponder={[Function]}
  style={
    {
      "alignItems": "center",
      "backgroundColor": "#FF5722",
      "borderRadius": 20,
      "flexDirection": "row",
      "justifyContent": "center",
      "opacity": 1,
      "paddingHorizontal": 10,
      "paddingVertical": 10,
    }
  }
>
  <Text
    style={
      [
        {
          "color": "#fff",
          "fontWeight": "bold",
          "marginLeft": 5,
        },
        {
          "color": "black",
        },
      ]
    }
  >
    Click me
  </Text>
</View>
`;
