// Jest Snapshot v1, https://goo.gl/fbAQLP

exports[`CartScreen Component CartScreen renders correctly 1`] = `
<View
  style={
    {
      "flex": 1,
      "paddingHorizontal": 20,
      "paddingVertical": 10,
    }
  }
>
  <View
    style={
      {
        "alignItems": "center",
        "flex": 1,
        "justifyContent": "center",
      }
    }
  >
    <Text
      style={
        {
          "fontSize": 24,
          "fontWeight": "bold",
          "marginBottom": 16,
        }
      }
    >
      Your cart is empty
    </Text>
    <Text
      style={
        {
          "color": "#888",
          "fontSize": 18,
          "textAlign": "center",
        }
      }
    >
      Start shopping to add items to your cart.
    </Text>
  </View>
  <View
    style={
      {
        "alignItems": "center",
        "flexDirection": "row",
        "justifyContent": "space-between",
        "marginTop": 20,
      }
    }
  >
    <Text
      style={
        {
          "fontSize": 20,
          "fontWeight": "bold",
        }
      }
    >
      Total: $
      0.00
    </Text>
    <View
      accessibilityState={
        {
          "busy": undefined,
          "checked": undefined,
          "disabled": undefined,
          "expanded": undefined,
          "selected": undefined,
        }
      }
      accessibilityValue={
        {
          "max": undefined,
          "min": undefined,
          "now": undefined,
          "text": undefined,
        }
      }
      accessible={true}
      collapsable={false}
      focusable={false}
      onClick={[Function]}
      onResponderGrant={[Function]}
      onResponderMove={[Function]}
      onResponderRelease={[Function]}
      onResponderTerminate={[Function]}
      onResponderTerminationRequest={[Function]}
      onStartShouldSetResponder={[Function]}
      style={
        {
          "alignItems": "center",
          "backgroundColor": "#FF5722",
          "borderRadius": 10,
          "flexDirection": "row",
          "justifyContent": "center",
          "opacity": 1,
          "paddingHorizontal": 10,
          "paddingVertical": 10,
        }
      }
    >
      <Text
        style={
          [
            {
              "color": "#fff",
              "fontWeight": "bold",
              "marginLeft": 5,
            },
            {},
          ]
        }
      >
        Checkout
      </Text>
    </View>
  </View>
</View>
`;
