// Jest Snapshot v1, https://goo.gl/fbAQLP

exports[`CartItem Component CartItem renders correctly 1`] = `
<View
  style={
    {
      "alignItems": "center",
      "flexDirection": "row",
      "marginBottom": 20,
    }
  }
>
  <Image
    resizeMode="contain"
    source={
      {
        "uri": "https://example.com/product1.jpg",
      }
    }
    style={
      {
        "borderRadius": 10,
        "height": 80,
        "width": 80,
      }
    }
  />
  <View
    style={
      {
        "flex": 1,
        "marginLeft": 15,
      }
    }
  >
    <Text
      style={
        {
          "fontSize": 18,
          "fontWeight": "bold",
        }
      }
    >
      Product 1
    </Text>
    <Text
      style={
        {
          "color": "#888",
          "fontSize": 16,
          "marginTop": 5,
        }
      }
    >
      Price: $
      10.00
    </Text>
    <View
      style={
        {
          "alignItems": "center",
          "flexDirection": "row",
          "justifyContent": "space-between",
          "marginTop": 12,
        }
      }
    >
      <View
        style={
          {
            "alignItems": "center",
            "flexDirection": "row",
          }
        }
      >
        <View
          accessibilityState={
            {
              "busy": undefined,
              "checked": undefined,
              "disabled": undefined,
              "expanded": undefined,
              "selected": undefined,
            }
          }
          accessibilityValue={
            {
              "max": undefined,
              "min": undefined,
              "now": undefined,
              "text": undefined,
            }
          }
          accessible={true}
          collapsable={false}
          focusable={true}
          onClick={[Function]}
          onResponderGrant={[Function]}
          onResponderMove={[Function]}
          onResponderRelease={[Function]}
          onResponderTerminate={[Function]}
          onResponderTerminationRequest={[Function]}
          onStartShouldSetResponder={[Function]}
          style={
            {
              "alignItems": "center",
              "backgroundColor": "#FF5722",
              "borderRadius": 15,
              "height": 30,
              "justifyContent": "center",
              "opacity": 1,
              "width": 30,
            }
          }
          testID="decrement"
        >
          <Text
            style={
              {
                "color": "#fff",
                "fontSize": 20,
              }
            }
          >
            -
          </Text>
        </View>
        <Text
          style={
            {
              "fontSize": 18,
              "marginHorizontal": 10,
            }
          }
        >
          2
        </Text>
        <View
          accessibilityState={
            {
              "busy": undefined,
              "checked": undefined,
              "disabled": undefined,
              "expanded": undefined,
              "selected": undefined,
            }
          }
          accessibilityValue={
            {
              "max": undefined,
              "min": undefined,
              "now": undefined,
              "text": undefined,
            }
          }
          accessible={true}
          collapsable={false}
          focusable={true}
          onClick={[Function]}
          onResponderGrant={[Function]}
          onResponderMove={[Function]}
          onResponderRelease={[Function]}
          onResponderTerminate={[Function]}
          onResponderTerminationRequest={[Function]}
          onStartShouldSetResponder={[Function]}
          style={
            {
              "alignItems": "center",
              "backgroundColor": "#FF5722",
              "borderRadius": 15,
              "height": 30,
              "justifyContent": "center",
              "opacity": 1,
              "width": 30,
            }
          }
          testID="increment"
        >
          <Text
            style={
              {
                "color": "#fff",
                "fontSize": 20,
              }
            }
          >
            +
          </Text>
        </View>
      </View>
      <View
        accessibilityState={
          {
            "busy": undefined,
            "checked": undefined,
            "disabled": undefined,
            "expanded": undefined,
            "selected": undefined,
          }
        }
        accessibilityValue={
          {
            "max": undefined,
            "min": undefined,
            "now": undefined,
            "text": undefined,
          }
        }
        accessible={true}
        collapsable={false}
        focusable={true}
        onClick={[Function]}
        onResponderGrant={[Function]}
        onResponderMove={[Function]}
        onResponderRelease={[Function]}
        onResponderTerminate={[Function]}
        onResponderTerminationRequest={[Function]}
        onStartShouldSetResponder={[Function]}
        style={
          {
            "alignItems": "center",
            "backgroundColor": "#FF5722",
            "borderRadius": 20,
            "flexDirection": "row",
            "height": 30,
            "justifyContent": "center",
            "opacity": 1,
            "paddingHorizontal": 10,
            "paddingVertical": 0,
          }
        }
      >
        <Text
          style={
            [
              {
                "color": "#fff",
                "fontWeight": "bold",
                "marginLeft": 5,
              },
              {},
            ]
          }
        >
          Remove
        </Text>
      </View>
    </View>
  </View>
</View>
`;
